  STL_Armaros_Base_Supported.stl: ok (1421x1203px)
  STL_Armaros_Body_Wings_Supported.stl: ok (1463x1084px)
  STL_Armaros_LeftWing_supported.stl: ok (1674x1020px)
  STL_Armaros_RightWing_supported.stl: ok (1857x938px)
  STL_Armaros_Sword_Supported.stl: ok (1002x396px)
  STL_Armaros_Tail_Supported.stl: ok (1574x980px)
  STL_Armaros_Whip_Supported.stl: ok (436x1286px)
  STL_Base_Pose_1_Supported.stl: ok (973x1113px)
  STL_Pose_1_Body_Supported.stl: ok (1279x982px)
9 written, 1 skipped, 0 failed -> footprints
  STL_Pose_1_Wing_L_Supported.stl: ok (685x980px)
  STL_Pose_1_Wing_R_Supported.stl: ok (630x972px)
  STL_Pose02-base_Supported.stl: ok (1141x952px)
  STL_pose02-body_Supported.stl: ok (1011x1077px)
  STL_Pose02-head_Supported.stl: ok (925x1546px)
  STL_Pose02-wing01_Supported.stl: ok (421x972px)
  STL_Pose02-Wing02_Supported.stl: ok (630x961px)
  STL_Pose2_Base_Supported.stl: ok (1362x1243px)
  STL_Pose2_Body_Supported.stl: ok (1924x1254px)
  STL_Pose2_Wing_L_Supported.stl: ok (1994x544px)
10 written, 0 skipped, 0 failed -> footprints
  STL_Pose2_Wing_R_Supported.stl: ok (1952x505px)
  STL_Base_pose02.stl: ok (1415x1065px)
  STL_Body_pose02_supported.stl: ok (1270x2327px)
  STL_Tail_pose02_supported.stl: ok (843x430px)
  STL_Fly_pose_2_base_Supported.stl: ok (903x1010px)
  STL_Fly_pose_2_body_Supported.stl: ok (1040x1160px)
  STL_Fly_pose_3_base_Supported.stl: ok (1007x806px)
  STL_Fly_pose_3_body_merged_rock_Supported.stl: ok (1047x1280px)
  STL_Vanguard_Pose1_Base_supported.stl: ok (942x762px)
  STL_Vanguard_Pose1_supported.stl: ok (1635x1428px)
10 written, 0 skipped, 0 failed -> footprints
